[2026-06-08 10:02:05] SESION iniciada por administrador
[2026-06-08 10:02:07] SESION cerrada por administrador
[2026-06-08 10:27:26] SESION iniciada por administrador
[2026-06-08 10:27:28] SESION cerrada por administrador
[2026-06-08 10:30:36] SESION iniciada por administrador
[2026-06-08 10:30:37] SESION cerrada por administrador
[2026-06-08 10:34:28] SESION iniciada por administrador
[2026-06-08 10:34:30] SESION cerrada por administrador
[2026-06-08 10:38:28] SESION iniciada por administrador
[2026-06-08 10:38:29] SESION cerrada por administrador
[2026-06-08 10:43:06] SESION iniciada por administrador
[2026-06-08 10:43:07] SESION cerrada por administrador
[2026-06-08 10:49:15] SESION iniciada por administrador
[2026-06-08 10:49:16] SESION cerrada por administrador
[2026-06-08 10:54:52] SESION iniciada por administrador
[2026-06-08 10:54:54] SESION cerrada por administrador
[2026-06-08 10:59:33] SESION iniciada por administrador
[2026-06-08 10:59:34] SESION cerrada por administrador
[2026-06-08 11:02:04] SESION iniciada por administrador
[2026-06-08 11:02:05] SESION cerrada por administrador
[2026-06-08 11:05:26] SESION iniciada por administrador
[2026-06-08 11:05:27] SESION cerrada por administrador
[2026-06-08 11:10:01] SESION iniciada por administrador
[2026-06-08 11:10:02] SESION cerrada por administrador
[2026-06-08 11:14:08] SESION iniciada por administrador
[2026-06-08 11:14:10] SESION cerrada por administrador
[2026-06-08 11:15:40] SESION iniciada por administrador
[2026-06-08 11:15:41] SESION cerrada por administrador
[2026-06-08 11:18:27] SESION iniciada por administrador
[2026-06-08 11:19:56] SESION iniciada por administrador
[2026-06-08 11:19:58] SESION cerrada por administrador
[2026-06-08 12:37:17] SESION iniciada por administrador
[2026-06-08 12:37:25] SESION cerrada por administrador
[2026-06-08 12:40:55] SESION iniciada por administrador
[2026-06-08 12:41:00] SESION cerrada por administrador
[2026-06-08 12:59:18] SESION iniciada por administrador
[2026-06-08 12:59:51] SESION cerrada por administrador
[2026-06-08 13:18:41] SESION iniciada por administrador
[2026-06-08 13:18:44] SESION cerrada por administrador
<<<<<<< HEAD
[2026-06-08 13:38:54] SESION iniciada por administrador
[2026-06-08 13:39:46] SESION cerrada por administrador
[2026-06-08 13:40:15] SESION iniciada por administrador
=======
>>>>>>> 4454468c69166930b8ec41b0c9fb94fac238a608
[2026-06-08 15:39:40] RESERVA usuario 25 vehiculo 5
[2026-06-08 16:00:28] TRAYECTO iniciado usuario 25 vehiculo 3 trayecto 1
[2026-06-08 16:00:35] TRAYECTO finalizado usuario 25 trayecto 1 dist 3.0km
[2026-06-08 16:01:32] RESERVA usuario 25 vehiculo 4
[2026-06-08 16:17:25] TRAYECTO iniciado usuario 25 vehiculo 5 trayecto 2
[2026-06-08 16:17:35] TRAYECTO finalizado usuario 25 trayecto 2 dist 10.0km
[2026-06-08 20:53:13] RESERVA usuario 25 vehiculo 2
[2026-06-08 21:08:27] RESERVA usuario 25 vehiculo 3
[2026-06-09 17:26:26] TRAYECTO iniciado usuario 25 vehiculo 3 trayecto 3
[2026-06-09 17:26:54] TRAYECTO finalizado usuario 25 trayecto 3 dist 15.0km destino estacion 3 (DG)
[2026-06-09 17:53:12] LOGIN cliente usuario_id 25
[2026-06-09 17:53:32] RESERVA usuario 25 vehiculo 3
[2026-06-09 17:58:25] TRAYECTO iniciado usuario 25 vehiculo 3 trayecto 4
[2026-06-09 17:58:45] TRAYECTO finalizado usuario 25 trayecto 4 dist 15.0km destino estacion 1 (Z)
